{
  "acceptance": {
    "compressed_materialization_released": true,
    "compressed_registry_matches_mode": true,
    "correct_vs_clear": true,
    "expected_transform_count": true,
    "measured_forward_count_matches_request": true,
    "storage_mode_matches_request": true,
    "valid": true,
    "zero_online_python_encode_calls": true
  },
  "compile_s": 0.48931774985976517,
  "correctness": {
    "correct": true,
    "max_abs_error": 3.113758184625226e-08,
    "mean_abs_error": 7.337287841350944e-09,
    "output_shape": [
      12,
      8,
      8
    ]
  },
  "forward_wall_summary_s": {
    "count": 10,
    "max": 0.017027625115588307,
    "mean": 0.015177220874466001,
    "median": 0.015063937404192984,
    "min": 0.014364042086526752,
    "p95": 0.016743075218982995,
    "stdev": 0.0008805097345373205
  },
  "mode": "compressed",
  "status": "ok",
  "storage": {
    "by_layer": {
      "wpc_block_conv1": {
        "compressed_weight_qp_payload_bytes": 162816,
        "full_weight_plus_bias_payload_bytes": 10452992,
        "full_weight_qp_payload_bytes": 10420224,
        "layer_plaintext_storage_compression_ratio": 48.96290189612531,
        "resident_weight_qp_payload_bytes": 162816,
        "storage_mode": "compressed",
        "stored_weight_plus_metadata_plus_bias_bytes": 213488,
        "transform_count": 4,
        "uncompressed_bias_q_payload_bytes": 32768,
        "weight_metadata_bytes": 17904,
        "weight_payload_compression_ratio": 64.0
      },
      "wpc_block_conv2": {
        "compressed_weight_qp_payload_bytes": 122112,
        "full_weight_plus_bias_payload_bytes": 7831552,
        "full_weight_qp_payload_bytes": 7815168,
        "layer_plaintext_storage_compression_ratio": 50.07386189258312,
        "resident_weight_qp_payload_bytes": 122112,
        "storage_mode": "compressed",
        "stored_weight_plus_metadata_plus_bias_bytes": 156400,
        "transform_count": 4,
        "uncompressed_bias_q_payload_bytes": 16384,
        "weight_metadata_bytes": 17904,
        "weight_payload_compression_ratio": 64.0
      }
    },
    "full_to_stored_ratio": 49.43264988320789,
    "full_weight_plus_bias_payload_bytes": 18284544,
    "full_weight_qp_payload_bytes": 18235392,
    "resident_weight_qp_payload_bytes": 284928,
    "storage_mode": "compressed",
    "stored_weight_plus_metadata_plus_bias_bytes": 369888,
    "transform_count": 8,
    "uncompressed_bias_q_payload_bytes": 49152,
    "weight_metadata_bytes": 35808
  }
}
